SQL> SELECT COUNT(*)
  2  FROM EMP
  3  WHERE JOB IS NOT PRESIDENT
  4  GROUP BY DEPTNO;
WHERE JOB IS NOT PRESIDENT
                 *
ERROR at line 3:
ORA-00908: missing NULL keyword 


SQL> EDIT
Wrote file afiedt.buf

  1  SELECT COUNT(*)
  2  FROM EMP
  3  WHERE JOB NOT LIKE PRESIDENT
  4* GROUP BY DEPTNO
SQL> /
WHERE JOB NOT LIKE PRESIDENT
                   *
ERROR at line 3:
ORA-00904: "PRESIDENT": invalid identifier 


SQL> edit
Wrote file afiedt.buf

  1  SELECT COUNT(*)
  2  FROM EMP
  3  WHERE JOB != 'PRESIDENT'
  4* GROUP BY DEPTNO
SQL> /

  COUNT(*)                                                                                                                                                                                              
----------                                                                                                                                                                                              
         6                                                                                                                                                                                              
         5                                                                                                                                                                                              
         2                                                                                                                                                                                              

SQL> SELECT SUM(SAL), JOB
  2  FROM EMP
  3  GROUP BY JOB;

  SUM(SAL) JOB                                                                                                                                                                                          
---------- ---------                                                                                                                                                                                    
      4150 CLERK                                                                                                                                                                                        
      5600 SALESMAN                                                                                                                                                                                     
      5000 PRESIDENT                                                                                                                                                                                    
      8275 MANAGER                                                                                                                                                                                      
      6000 ANALYST                                                                                                                                                                                      

SQL> SELECT COUNT(*), DEPTNO
  2  FROM EMP
  3  WHERE JOB = 'MANAGER'
  4  GROUP BY DEPTNO;

  COUNT(*)     DEPTNO                                                                                                                                                                                   
---------- ----------                                                                                                                                                                                   
         1         30                                                                                                                                                                                   
         1         20                                                                                                                                                                                   
         1         10                                                                                                                                                                                   

SQL> SELECT AVG(SAL), DEPTNO
  2  FROM EMP
  3  WHERE DEPTNO != 20
  4  GROUP BY DEPTNO;

  AVG(SAL)     DEPTNO                                                                                                                                                                                   
---------- ----------                                                                                                                                                                                   
1566.66667         30                                                                                                                                                                                   
2916.66667         10                                                                                                                                                                                   

SQL> SELECT COUNT(*), JOB
  2  FROM EMP
  3  WHERE ENAME LIKE "%A%"
  4  GROUP BY JOB;
WHERE ENAME LIKE "%A%"
                 *
ERROR at line 3:
ORA-00904: "%A%": invalid identifier 


SQL> EDIT
Wrote file afiedt.buf

  1  SELECT COUNT(*), JOB
  2  FROM EMP
  3  WHERE ENAME LIKE '%A%'
  4* GROUP BY JOB
SQL> /

  COUNT(*) JOB                                                                                                                                                                                          
---------- ---------                                                                                                                                                                                    
         3 SALESMAN                                                                                                                                                                                     
         2 CLERK                                                                                                                                                                                        
         2 MANAGER                                                                                                                                                                                      

SQL> SELECT COUNT(*), AVG(SAL)
  2  FROM EMP
  3  WHERE SAL > 2000
  4  GROUP BY DEPTNO;

  COUNT(*)   AVG(SAL)                                                                                                                                                                                   
---------- ----------                                                                                                                                                                                   
         1       2850                                                                                                                                                                                   
         3 2991.66667                                                                                                                                                                                   
         2       3725                                                                                                                                                                                   

SQL> SELECT COUNT(*), SUM(SAL)
  2  FROM EMP
  3  WHERE JOB = 'SALESMAN'
  4  GROUP BY DEPTNO
  5  ;

  COUNT(*)   SUM(SAL)                                                                                                                                                                                   
---------- ----------                                                                                                                                                                                   
         4       5600                                                                                                                                                                                   

SQL> SELECT COUNT(*), MAX(SAL)
  2  FROM EMP
  3  GROUP BY DEPTNO;

  COUNT(*)   MAX(SAL)                                                                                                                                                                                   
---------- ----------                                                                                                                                                                                   
         6       2850                                                                                                                                                                                   
         5       3000                                                                                                                                                                                   
         3       5000                                                                                                                                                                                   

SQL> SELECT COUNT(*)
  2  FROM EMP
  3  GROUP BY SAL;

  COUNT(*)                                                                                                                                                                                              
----------                                                                                                                                                                                              
         1                                                                                                                                                                                              
         1                                                                                                                                                                                              
         1                                                                                                                                                                                              
         2                                                                                                                                                                                              
         1                                                                                                                                                                                              
         1                                                                                                                                                                                              
         1                                                                                                                                                                                              
         2                                                                                                                                                                                              
         1                                                                                                                                                                                              
         1                                                                                                                                                                                              
         1                                                                                                                                                                                              
         1                                                                                                                                                                                              

12 rows selected.

SQL> SPOOL OFF;
