SQL> SELECT COUNT(*), DEPTNO
  2  FROM EMP
  3  GROUP BY DEPTNO
  4  HAVING COUNT(*) >=3;

  COUNT(*)     DEPTNO                                                                                                                                                                                   
---------- ----------                                                                                                                                                                                   
         6         30                                                                                                                                                                                   
         5         20                                                                                                                                                                                   
         3         10                                                                                                                                                                                   

SQL> EDIT
Wrote file afiedt.buf

  1  SELECT COUNT(*), DEPTNO
  2  FROM EMP
  3  WHERE JOB = CLERK
  4  GROUP BY DEPTNO
  5* HAVING COUNT(*) >=3
SQL> /
WHERE JOB = CLERK
            *
ERROR at line 3:
ORA-00904: "CLERK": invalid identifier 


SQL> EDIT
Wrote file afiedt.buf

  1  SELECT COUNT(*), DEPTNO
  2  FROM EMP
  3  WHERE JOB = 'CLERK'
  4  GROUP BY DEPTNO
  5* HAVING COUNT(*) >=3
SQL> /

no rows selected

SQL> SELECT SUM(SAL), DEPTNO
  2  FROM EMP
  3  GROUP BY DEPTNO
  4  HAVING COUNT(*) > 3;

  SUM(SAL)     DEPTNO                                                                                                                                                                                   
---------- ----------                                                                                                                                                                                   
      9400         30                                                                                                                                                                                   
     10875         20                                                                                                                                                                                   

SQL> SELECT COUNT(*)
  2  FROM EMP
  3  WHERE SAL > 1200
  4  GROUP BY JOB
  5  HAVING SUM(SAL)>3800;

  COUNT(*)                                                                                                                                                                                              
----------                                                                                                                                                                                              
         4                                                                                                                                                                                              
         1                                                                                                                                                                                              
         3                                                                                                                                                                                              
         2                                                                                                                                                                                              

SQL> SELECT COUNT(*), DEPTNO
  2  FROM EMP
  3  JOB = 'MANAGER'
  4  GROUP BY DEPT
  5  HAVING COUNT(*) = 2;
JOB = 'MANAGER'
    *
ERROR at line 3:
ORA-00933: SQL command not properly ended 


SQL> EDIT
Wrote file afiedt.buf

  1  SELECT COUNT(*), DEPTNO
  2  FROM EMP
  3  WHERE JOB = 'MANAGER'
  4  GROUP BY DEPT
  5* HAVING COUNT(*) = 2
SQL> /
GROUP BY DEPT
         *
ERROR at line 4:
ORA-00904: "DEPT": invalid identifier 


SQL> EDIT
Wrote file afiedt.buf

  1  SELECT COUNT(*), DEPTNO
  2  FROM EMP
  3  WHERE JOB = 'MANAGER'
  4  GROUP BY DEPTNO
  5* HAVING COUNT(*) = 2
SQL> /

no rows selected

SQL> SELECT MAX(SAL), JOB
  2  FROM EMP
  3  GROUP JOB
  4  HAVING MAX(SAL)> 2600;
GROUP JOB
      *
ERROR at line 3:
ORA-00924: missing BY keyword 


SQL> EDIT
Wrote file afiedt.buf

  1  SELECT MAX(SAL), JOB
  2  FROM EMP
  3  GROUP BY JOB
  4* HAVING MAX(SAL)> 2600
SQL> /

  MAX(SAL) JOB                                                                                                                                                                                          
---------- ---------                                                                                                                                                                                    
      5000 PRESIDENT                                                                                                                                                                                    
      2975 MANAGER                                                                                                                                                                                      
      3000 ANALYST                                                                                                                                                                                      

SQL> SELECT SAL
  2  FROM EMP
  3  GROUP BY SAL
  4  HAVING COUNT(*) > 1;

       SAL                                                                                                                                                                                              
----------                                                                                                                                                                                              
      1250                                                                                                                                                                                              
      3000                                                                                                                                                                                              

SQL> SELECT HIREDATE
  2  FROM EMP
  3  GROUP BY HIREDATE
  4  HAVING COUNT(*) > 1;

HIREDATE                                                                                                                                                                                                
---------                                                                                                                                                                                               
03-DEC-81                                                                                                                                                                                               

SQL> SELECT AVG(SAL), DEPTNO
  2  FROM EMP
  3  GROUP BY DEPTNO
  4  HAVING AVG(SAL) < 3000;

  AVG(SAL)     DEPTNO                                                                                                                                                                                   
---------- ----------                                                                                                                                                                                   
1566.66667         30                                                                                                                                                                                   
      2175         20                                                                                                                                                                                   
2916.66667         10                                                                                                                                                                                   

SQL> SELECT DEPTNO
  2  FROM EMP
  3  GROUP BY DEPTNO
  4  HAVING ENAME LIKE '%A%';
HAVING ENAME LIKE '%A%'
       *
ERROR at line 4:
ORA-00979: not a GROUP BY expression 


SQL> EDIT
Wrote file afiedt.buf

  1  SELECT DEPTNO
  2  FROM EMP
  3  WHERE ENAME LIKE '%A%' OR ENAME LIKE '%S%'
  4  GROUP BY DEPTNO
  5* HAVING COUNT(*) >2
SQL> /

    DEPTNO                                                                                                                                                                                              
----------                                                                                                                                                                                              
        30                                                                                                                                                                                              
        20                                                                                                                                                                                              

SQL> SELECT MIN(SAL), MAX(SAL)
  2  FROM EMP
  3  GROUP BY JOB
  4  HAVING MIN(SAL) > 1000 AND MAX(SAL) < 5000;

  MIN(SAL)   MAX(SAL)                                                                                                                                                                                   
---------- ----------                                                                                                                                                                                   
      1250       1600                                                                                                                                                                                   
      2450       2975                                                                                                                                                                                   
      3000       3000                                                                                                                                                                                   

SQL> SPOOL OFF
